// Jest Snapshot v1, https://goo.gl/fbAQLP

exports[`matches snapshot 1`] = `
<DocumentFragment>
  <div
    class="row"
    data-testid="grid"
  >
    <div
      class="col"
    >
      <div
        class="thumb"
      >
        <img
          color="#50381E"
          src="https://images.unsplash.com/photo-1562887189-4b6edf71d847?ixlib=rb-1.2.1&q=80&fm=jpg&crop=entropy&cs=tinysrgb&w=400&fit=max&ixid=eyJhcHBfaWQiOjkyNzE4fQ"
        />
        <div
          class="imgPlaceholder"
          style="background-color: rgb(80, 56, 30); opacity: 1;"
        />
      </div>
    </div>
    <div
      class="col"
    >
      <div
        class="thumb"
      >
        <img
          color="#DFE2E5"
          src="https://images.unsplash.com/photo-1569528639514-a6e596d8f0ba?ixlib=rb-1.2.1&q=80&fm=jpg&crop=entropy&cs=tinysrgb&w=400&fit=max&ixid=eyJhcHBfaWQiOjkyNzE4fQ"
        />
        <div
          class="imgPlaceholder"
          style="background-color: rgb(223, 226, 229); opacity: 1;"
        />
      </div>
    </div>
    <div
      class="col"
    >
      <div
        class="thumb"
      >
        <img
          color="#D5911A"
          src="https://images.unsplash.com/photo-1569531115477-5e9a74a6a8ca?ixlib=rb-1.2.1&q=80&fm=jpg&crop=entropy&cs=tinysrgb&w=400&fit=max&ixid=eyJhcHBfaWQiOjkyNzE4fQ"
        />
        <div
          class="imgPlaceholder"
          style="background-color: rgb(213, 145, 26); opacity: 1;"
        />
      </div>
    </div>
    <div
      class="col"
    >
      <div
        class="thumb"
      >
        <img
          color="#F7F5F4"
          src="https://images.unsplash.com/photo-1569531955323-33c6b2dca44b?ixlib=rb-1.2.1&q=80&fm=jpg&crop=entropy&cs=tinysrgb&w=400&fit=max&ixid=eyJhcHBfaWQiOjkyNzE4fQ"
        />
        <div
          class="imgPlaceholder"
          style="background-color: rgb(247, 245, 244); opacity: 1;"
        />
      </div>
    </div>
    <div
      class="col"
    >
      <div
        class="thumb"
      >
        <img
          color="#F7F8F8"
          src="https://images.unsplash.com/photo-1569531412913-bb060ae58891?ixlib=rb-1.2.1&q=80&fm=jpg&crop=entropy&cs=tinysrgb&w=400&fit=max&ixid=eyJhcHBfaWQiOjkyNzE4fQ"
        />
        <div
          class="imgPlaceholder"
          style="background-color: rgb(247, 248, 248); opacity: 1;"
        />
      </div>
    </div>
    <div
      class="col"
    >
      <div
        class="thumb"
      >
        <img
          color="#E5E0F1"
          src="https://images.unsplash.com/photo-1569519405700-a44e863bdce4?ixlib=rb-1.2.1&q=80&fm=jpg&crop=entropy&cs=tinysrgb&w=400&fit=max&ixid=eyJhcHBfaWQiOjkyNzE4fQ"
        />
        <div
          class="imgPlaceholder"
          style="background-color: rgb(229, 224, 241); opacity: 1;"
        />
      </div>
    </div>
    <div
      class="col"
    >
      <div
        class="thumb"
      >
        <img
          color="#F2F1ED"
          src="https://images.unsplash.com/photo-1569525215766-c4c3316fce14?ixlib=rb-1.2.1&q=80&fm=jpg&crop=entropy&cs=tinysrgb&w=400&fit=max&ixid=eyJhcHBfaWQiOjkyNzE4fQ"
        />
        <div
          class="imgPlaceholder"
          style="background-color: rgb(242, 241, 237); opacity: 1;"
        />
      </div>
    </div>
    <div
      class="col"
    >
      <div
        class="thumb"
      >
        <img
          color="#FDC07C"
          src="https://images.unsplash.com/photo-1569521989963-20c114aef0e0?ixlib=rb-1.2.1&q=80&fm=jpg&crop=entropy&cs=tinysrgb&w=400&fit=max&ixid=eyJhcHBfaWQiOjkyNzE4fQ"
        />
        <div
          class="imgPlaceholder"
          style="background-color: rgb(253, 192, 124); opacity: 1;"
        />
      </div>
    </div>
    <div
      class="col"
    >
      <div
        class="thumb"
      >
        <img
          color="#CD8C47"
          src="https://images.unsplash.com/photo-1569521597715-0e0c4e22e0e4?ixlib=rb-1.2.1&q=80&fm=jpg&crop=entropy&cs=tinysrgb&w=400&fit=max&ixid=eyJhcHBfaWQiOjkyNzE4fQ"
        />
        <div
          class="imgPlaceholder"
          style="background-color: rgb(205, 140, 71); opacity: 1;"
        />
      </div>
    </div>
    <div
      class="col"
    >
      <div
        class="thumb"
      >
        <img
          color="#C5C4AB"
          src="https://images.unsplash.com/photo-1569493086584-33e0b36f3145?ixlib=rb-1.2.1&q=80&fm=jpg&crop=entropy&cs=tinysrgb&w=400&fit=max&ixid=eyJhcHBfaWQiOjkyNzE4fQ"
        />
        <div
          class="imgPlaceholder"
          style="background-color: rgb(197, 196, 171); opacity: 1;"
        />
      </div>
    </div>
    <div
      class="col"
    >
      <div
        class="thumb"
      >
        <img
          color="#0B0A0C"
          src="https://images.unsplash.com/photo-1569484414923-e2ea4e0ca1d0?ixlib=rb-1.2.1&q=80&fm=jpg&crop=entropy&cs=tinysrgb&w=400&fit=max&ixid=eyJhcHBfaWQiOjkyNzE4fQ"
        />
        <div
          class="imgPlaceholder"
          style="background-color: rgb(11, 10, 12); opacity: 1;"
        />
      </div>
    </div>
    <div
      class="col"
    >
      <div
        class="thumb"
      >
        <img
          color="#EDD0B9"
          src="https://images.unsplash.com/photo-1569484832057-8f13d55392cd?ixlib=rb-1.2.1&q=80&fm=jpg&crop=entropy&cs=tinysrgb&w=400&fit=max&ixid=eyJhcHBfaWQiOjkyNzE4fQ"
        />
        <div
          class="imgPlaceholder"
          style="background-color: rgb(237, 208, 185); opacity: 1;"
        />
      </div>
    </div>
    <div
      class="col"
    >
      <div
        class="thumb"
      >
        <img
          color="#1B1A12"
          src="https://images.unsplash.com/photo-1556909128-2293de4be38e?ixlib=rb-1.2.1&q=80&fm=jpg&crop=entropy&cs=tinysrgb&w=400&fit=max&ixid=eyJhcHBfaWQiOjkyNzE4fQ"
        />
        <div
          class="imgPlaceholder"
          style="background-color: rgb(27, 26, 18); opacity: 1;"
        />
      </div>
    </div>
    <div
      class="col"
    >
      <div
        class="thumb"
      >
        <img
          color="#C5CBD2"
          src="https://images.unsplash.com/photo-1569482977093-fd04fe56167d?ixlib=rb-1.2.1&q=80&fm=jpg&crop=entropy&cs=tinysrgb&w=400&fit=max&ixid=eyJhcHBfaWQiOjkyNzE4fQ"
        />
        <div
          class="imgPlaceholder"
          style="background-color: rgb(197, 203, 210); opacity: 1;"
        />
      </div>
    </div>
    <div
      class="col"
    >
      <div
        class="thumb"
      >
        <img
          color="#F9F9FA"
          src="https://images.unsplash.com/photo-1569484847522-c6d837b6b02f?ixlib=rb-1.2.1&q=80&fm=jpg&crop=entropy&cs=tinysrgb&w=400&fit=max&ixid=eyJhcHBfaWQiOjkyNzE4fQ"
        />
        <div
          class="imgPlaceholder"
          style="background-color: rgb(249, 249, 250); opacity: 1;"
        />
      </div>
    </div>
    <div
      class="col"
    >
      <div
        class="thumb"
      >
        <img
          color="#F7F8F7"
          src="https://images.unsplash.com/photo-1569485069247-d4e9b80b95ae?ixlib=rb-1.2.1&q=80&fm=jpg&crop=entropy&cs=tinysrgb&w=400&fit=max&ixid=eyJhcHBfaWQiOjkyNzE4fQ"
        />
        <div
          class="imgPlaceholder"
          style="background-color: rgb(247, 248, 247); opacity: 1;"
        />
      </div>
    </div>
    <div
      class="col"
    >
      <div
        class="thumb"
      >
        <img
          color="#E1DDDD"
          src="https://images.unsplash.com/photo-1569488437371-0ace0da48fc1?ixlib=rb-1.2.1&q=80&fm=jpg&crop=entropy&cs=tinysrgb&w=400&fit=max&ixid=eyJhcHBfaWQiOjkyNzE4fQ"
        />
        <div
          class="imgPlaceholder"
          style="background-color: rgb(225, 221, 221); opacity: 1;"
        />
      </div>
    </div>
    <div
      class="col"
    >
      <div
        class="thumb"
      >
        <img
          color="#F0F2F3"
          src="https://images.unsplash.com/photo-1569487126814-0a5652f00d85?ixlib=rb-1.2.1&q=80&fm=jpg&crop=entropy&cs=tinysrgb&w=400&fit=max&ixid=eyJhcHBfaWQiOjkyNzE4fQ"
        />
        <div
          class="imgPlaceholder"
          style="background-color: rgb(240, 242, 243); opacity: 1;"
        />
      </div>
    </div>
    <div
      class="col"
    >
      <div
        class="thumb"
      >
        <img
          color="#CCA996"
          src="https://images.unsplash.com/photo-1569491940336-770914f5fa38?ixlib=rb-1.2.1&q=80&fm=jpg&crop=entropy&cs=tinysrgb&w=400&fit=max&ixid=eyJhcHBfaWQiOjkyNzE4fQ"
        />
        <div
          class="imgPlaceholder"
          style="background-color: rgb(204, 169, 150); opacity: 1;"
        />
      </div>
    </div>
    <div
      class="col"
    >
      <div
        class="thumb"
      >
        <img
          color="#F1F1F1"
          src="https://images.unsplash.com/photo-1569498532264-193ee7088d65?ixlib=rb-1.2.1&q=80&fm=jpg&crop=entropy&cs=tinysrgb&w=400&fit=max&ixid=eyJhcHBfaWQiOjkyNzE4fQ"
        />
        <div
          class="imgPlaceholder"
          style="background-color: rgb(241, 241, 241); opacity: 1;"
        />
      </div>
    </div>
    <div
      class="col"
    >
      <div
        class="thumb"
      >
        <img
          color="#E4E4E6"
          src="https://images.unsplash.com/photo-1569513589209-18a39b58bcbd?ixlib=rb-1.2.1&q=80&fm=jpg&crop=entropy&cs=tinysrgb&w=400&fit=max&ixid=eyJhcHBfaWQiOjkyNzE4fQ"
        />
        <div
          class="imgPlaceholder"
          style="background-color: rgb(228, 228, 230); opacity: 1;"
        />
      </div>
    </div>
    <div
      class="col"
    >
      <div
        class="thumb"
      >
        <img
          color="#E5CEBD"
          src="https://images.unsplash.com/photo-1569491939710-ea0d90d8df86?ixlib=rb-1.2.1&q=80&fm=jpg&crop=entropy&cs=tinysrgb&w=400&fit=max&ixid=eyJhcHBfaWQiOjkyNzE4fQ"
        />
        <div
          class="imgPlaceholder"
          style="background-color: rgb(229, 206, 189); opacity: 1;"
        />
      </div>
    </div>
    <div
      class="col"
    >
      <div
        class="thumb"
      >
        <img
          color="#E0D3C7"
          src="https://images.unsplash.com/photo-1569491940783-6f8cdd7ba22a?ixlib=rb-1.2.1&q=80&fm=jpg&crop=entropy&cs=tinysrgb&w=400&fit=max&ixid=eyJhcHBfaWQiOjkyNzE4fQ"
        />
        <div
          class="imgPlaceholder"
          style="background-color: rgb(224, 211, 199); opacity: 1;"
        />
      </div>
    </div>
    <div
      class="col"
    >
      <div
        class="thumb"
      >
        <img
          color="#E8E7E0"
          src="https://images.unsplash.com/photo-1569492329917-eaddc4e71bc7?ixlib=rb-1.2.1&q=80&fm=jpg&crop=entropy&cs=tinysrgb&w=400&fit=max&ixid=eyJhcHBfaWQiOjkyNzE4fQ"
        />
        <div
          class="imgPlaceholder"
          style="background-color: rgb(232, 231, 224); opacity: 1;"
        />
      </div>
    </div>
  </div>
</DocumentFragment>
`;
