// Jest Snapshot v1, https://goo.gl/fbAQLP

exports[`matches snapshot 1`] = `
<DocumentFragment>
  <div>
    <div
      class="topBar"
    >
      <div
        class="container"
      >
        <input
          class="searchBox"
          placeholder="Search images..."
          type="text"
          value=""
        />
        <div
          class="flexBaseline"
        >
          <div
            class="navWrapper"
          >
            <ul
              class="nav"
              data-testid="entries"
            >
              <li
                class="active"
              >
                <button
                  type="button"
                >
                  All
                </button>
              </li>
              <li>
                <button
                  type="button"
                >
                  People
                </button>
              </li>
              <li>
                <button
                  type="button"
                >
                  Nature
                </button>
              </li>
              <li>
                <button
                  type="button"
                >
                  Skyline
                </button>
              </li>
              <li>
                <button
                  type="button"
                >
                  Abstract
                </button>
              </li>
              <li>
                <button
                  type="button"
                >
                  Animals
                </button>
              </li>
              <li>
                <button
                  type="button"
                >
                  Travel
                </button>
              </li>
            </ul>
          </div>
          <div
            class="flexFixed"
          >
            <span
              class="mr1"
            >
              Sort by 
            </span>
            <select>
              <option
                value="latest"
              >
                latest
              </option>
              <option
                value="oldest"
              >
                oldest
              </option>
              <option
                value="popular"
              >
                popular
              </option>
            </select>
          </div>
        </div>
      </div>
    </div>
    <div
      class="container"
      style="margin-top: 7.15rem;"
    >
      <div
        class="row"
        data-testid="grid"
      />
    </div>
  </div>
</DocumentFragment>
`;
